// Jest Snapshot v1, https://goo.gl/fbAQLP

exports[`renders dashboard 1`] = `
<div
  class="dashboard"
  style="background-image:url('function SvgCombined_circuit(props) {
  return React.createElement(
    'svg', 
    Object.assign({}, props, {'data-file-name': SvgCombined_circuit.name})
  );
}')"
>
  <div
    style="position:absolute;top:50%;left:50%;transform:translateX(-50%) translateY(-50%)"
  >
    <div
      class="dashboard-design"
    >
      <span>
        Sorry, the application window has closed.
      </span>
    </div>
  </div>
</div>
`;
