// Jest Snapshot v1, https://goo.gl/fbAQLP

exports[`user form list by admin view all forms 1`] = `
Object {
  "gender": Array [
    Object {
      "_id": "test",
      "count": 7,
    },
  ],
  "hackathon_experience": Array [
    Object {
      "_id": 2,
      "count": 7,
    },
  ],
  "location": Array [
    Object {
      "_id": null,
      "count": 7,
    },
  ],
  "race": Array [
    Object {
      "_id": "test",
      "count": 7,
    },
  ],
  "skill_level": Array [
    Object {
      "_id": 1,
      "count": 7,
    },
  ],
  "status": Array [
    Object {
      "_id": "admission_confirmed",
      "count": 3,
    },
    Object {
      "_id": "incomplete",
      "count": 3,
    },
    Object {
      "_id": "submitted",
      "count": 1,
    },
  ],
  "type": Array [
    Object {
      "_id": null,
      "count": 7,
    },
  ],
  "university": Array [
    Object {
      "_id": "test",
      "count": 7,
    },
  ],
}
`;
